#
# There is insufficient memory for the Java Runtime Environment to continue.
# Native memory allocation (malloc) failed to allocate 32744 bytes. Error detail: Chunk::new
# Possible reasons:
#   The system is out of physical RAM or swap space
#   This process is running with CompressedOops enabled, and the Java Heap may be blocking the growth of the native heap
# Possible solutions:
#   Reduce memory load on the system
#   Increase physical memory or swap space
#   Check if swap backing store is full
#   Decrease Java heap size (-Xmx/-Xms)
#   Decrease number of Java threads
#   Decrease Java thread stack sizes (-Xss)
#   Set larger code cache with -XX:ReservedCodeCacheSize=
#   JVM is running with Unscaled Compressed Oops mode in which the Java heap is
#     placed in the first 4GB address space. The Java Heap base address is the
#     maximum limit for the native heap growth. Please use -XX:HeapBaseMinAddress
#     to set the Java Heap base and to place the Java Heap above 4GB virtual address.
# This output file may be truncated or incomplete.
#
#  Out of Memory Error (arena.cpp:150), pid=22976, tid=7688
#
# JRE version: Java(TM) SE Runtime Environment (22.0.2+9) (build 22.0.2+9-70)
# Java VM: Java HotSpot(TM) 64-Bit Server VM (22.0.2+9-70, mixed mode, sharing, tiered, compressed oops, compressed class ptrs, g1 gc, windows-amd64)
# No core dump will be written. Minidumps are not enabled by default on client versions of Windows
#

---------------  S U M M A R Y ------------

Command Line: -javaagent:D:\Academic\B.Tech\Intelij\IntelliJ IDEA Community Edition 2024.1.5\lib\idea_rt.jar=59279:D:\Academic\B.Tech\Intelij\IntelliJ IDEA Community Edition 2024.1.5\bin -Dfile.encoding=UTF-8 -Dsun.stdout.encoding=UTF-8 -Dsun.stderr.encoding=UTF-8 com.app.ecom_application.EcomApplication

Host: 11th Gen Intel(R) Core(TM) i5-11300H @ 3.10GHz, 8 cores, 7G,  Windows 11 , 64 bit Build 26100 (10.0.26100.7019)
Time: Tue Apr 28 13:02:55 2026 India Standard Time elapsed time: 1.011817 seconds (0d 0h 0m 1s)

---------------  T H R E A D  ---------------

Current thread (0x0000019f3e559dd0):  JavaThread "C2 CompilerThread0" daemon [_thread_in_native, id=7688, stack(0x00000022e8100000,0x00000022e8200000) (1024K)]


Current CompileTask:
C2:1011  820       4       java.util.zip.ZipFile::ensureOpen (40 bytes)

Stack: [0x00000022e8100000,0x00000022e8200000]
Native frames: (J=compiled Java code, j=interpreted, Vv=VM code, C=native code)
V  [jvm.dll+0x6e26e9]  (no source info available)
V  [jvm.dll+0x875753]  (no source info available)
V  [jvm.dll+0x877b7e]  (no source info available)
V  [jvm.dll+0x878253]  (no source info available)
V  [jvm.dll+0x27fc86]  (no source info available)
V  [jvm.dll+0xc3d0f]  (no source info available)
V  [jvm.dll+0xc3f6b]  (no source info available)
V  [jvm.dll+0x70ec3a]  (no source info available)
V  [jvm.dll+0x1df77b]  (no source info available)
V  [jvm.dll+0x24793c]  (no source info available)
V  [jvm.dll+0x246e9f]  (no source info available)
V  [jvm.dll+0x1c4e80]  (no source info available)
V  [jvm.dll+0x2568f3]  (no source info available)
V  [jvm.dll+0x254baa]  (no source info available)
V  [jvm.dll+0x3f57a6]  (no source info available)
V  [jvm.dll+0x81dc0b]  (no source info available)
V  [jvm.dll+0x6e0d85]  (no source info available)
C  [ucrtbase.dll+0x37b0]  (no source info available)
C  [KERNEL32.DLL+0x2e8d7]  (no source info available)
C  [ntdll.dll+0x8c53c]  (no source info available)


---------------  P R O C E S S  ---------------

Threads class SMR info:
_java_thread_list=0x0000019f3e892790, length=12, elements={
0x0000019f200b4530, 0x0000019f3e540960, 0x0000019f3e5422e0, 0x0000019f3e54e4e0,
0x0000019f3e54f4c0, 0x0000019f3e552320, 0x0000019f3e557960, 0x0000019f3e559dd0,
0x0000019f3e55bf60, 0x0000019f3e75ff60, 0x0000019f3ea55ae0, 0x0000019f3ea97f50
}

Java Threads: ( => current thread )
  0x0000019f200b4530 JavaThread "main"                              [_thread_in_vm, id=8736, stack(0x00000022e7300000,0x00000022e7400000) (1024K)]
  0x0000019f3e540960 JavaThread "Reference Handler"          daemon [_thread_blocked, id=19956, stack(0x00000022e7b00000,0x00000022e7c00000) (1024K)]
  0x0000019f3e5422e0 JavaThread "Finalizer"                  daemon [_thread_blocked, id=26180, stack(0x00000022e7c00000,0x00000022e7d00000) (1024K)]
  0x0000019f3e54e4e0 JavaThread "Signal Dispatcher"          daemon [_thread_blocked, id=25492, stack(0x00000022e7d00000,0x00000022e7e00000) (1024K)]
  0x0000019f3e54f4c0 JavaThread "Attach Listener"            daemon [_thread_blocked, id=1660, stack(0x00000022e7e00000,0x00000022e7f00000) (1024K)]
  0x0000019f3e552320 JavaThread "Service Thread"             daemon [_thread_blocked, id=11792, stack(0x00000022e7f00000,0x00000022e8000000) (1024K)]
  0x0000019f3e557960 JavaThread "Monitor Deflation Thread"   daemon [_thread_blocked, id=3824, stack(0x00000022e8000000,0x00000022e8100000) (1024K)]
=>0x0000019f3e559dd0 JavaThread "C2 CompilerThread0"         daemon [_thread_in_native, id=7688, stack(0x00000022e8100000,0x00000022e8200000) (1024K)]
  0x0000019f3e55bf60 JavaThread "C1 CompilerThread0"         daemon [_thread_in_native, id=18276, stack(0x00000022e8200000,0x00000022e8300000) (1024K)]
  0x0000019f3e75ff60 JavaThread "Common-Cleaner"             daemon [_thread_blocked, id=13760, stack(0x00000022e8300000,0x00000022e8400000) (1024K)]
  0x0000019f3ea55ae0 JavaThread "Monitor Ctrl-Break"         daemon [_thread_in_native, id=23216, stack(0x00000022e8500000,0x00000022e8600000) (1024K)]
  0x0000019f3ea97f50 JavaThread "Notification Thread"        daemon [_thread_blocked, id=8748, stack(0x00000022e8600000,0x00000022e8700000) (1024K)]
Total: 12

Other Threads:
  0x0000019f3e525800 VMThread "VM Thread"                           [id=25860, stack(0x00000022e7a00000,0x00000022e7b00000) (1024K)]
  0x0000019f3e50db40 WatcherThread "VM Periodic Task Thread"        [id=4732, stack(0x00000022e7900000,0x00000022e7a00000) (1024K)]
  0x0000019f2010ba70 WorkerThread "GC Thread#0"                     [id=9104, stack(0x00000022e7400000,0x00000022e7500000) (1024K)]
  0x0000019f2011d1c0 ConcurrentGCThread "G1 Main Marker"            [id=25728, stack(0x00000022e7500000,0x00000022e7600000) (1024K)]
  0x0000019f2011e470 WorkerThread "G1 Conc#0"                       [id=21188, stack(0x00000022e7600000,0x00000022e7700000) (1024K)]
  0x0000019f3e3dc140 ConcurrentGCThread "G1 Refine#0"               [id=22808, stack(0x00000022e7700000,0x00000022e7800000) (1024K)]
  0x0000019f3e3dd980 ConcurrentGCThread "G1 Service"                [id=20104, stack(0x00000022e7800000,0x00000022e7900000) (1024K)]
Total: 7

Threads with active compile tasks:
C2 CompilerThread0  1172  820       4       java.util.zip.ZipFile::ensureOpen (40 bytes)
C1 CompilerThread0  1172  814       3       java.net.URLStreamHandler::parseURL (1124 bytes)
Total: 2

VM state: not at safepoint (normal execution)

VM Mutex/Monitor currently owned by a thread:  ([mutex/lock_event])
[0x00007ffc1593ab00] Metaspace_lock - owner thread: 0x0000019f200b4530

Heap address: 0x0000000083e00000, size: 1986 MB, Compressed Oops mode: 32-bit

CDS archive(s) mapped at: [0x0000019f3f000000-0x0000019f3fc60000-0x0000019f3fc60000), size 12976128, SharedBaseAddress: 0x0000019f3f000000, ArchiveRelocationMode: 1.
Compressed class space mapped at: 0x0000019f40000000-0x0000019f80000000, reserved size: 1073741824
Narrow klass base: 0x0000019f3f000000, Narrow klass shift: 0, Narrow klass range: 0x41000000

GC Precious Log:
 CardTable entry size: 512
 Card Set container configuration: InlinePtr #cards 5 size 8 Array Of Cards #cards 12 size 40 Howl #buckets 4 coarsen threshold 1843 Howl Bitmap #cards 512 size 80 coarsen threshold 460 Card regions per heap region 1 cards per card region 2048
 CPUs: 8 total, 8 available
 Memory: 7937M
 Large Page Support: Disabled
 NUMA Support: Disabled
 Compressed Oops: Enabled (32-bit)
 Heap Region Size: 1M
 Heap Min Capacity: 8M
 Heap Initial Capacity: 126M
 Heap Max Capacity: 1986M
 Pre-touch: Disabled
 Parallel Workers: 8
 Concurrent Workers: 2
 Concurrent Refinement Workers: 8
 Periodic GC: Disabled

Heap:
 garbage-first heap   total reserved 2033664K, committed 129024K, used 12288K [0x0000000083e00000, 0x0000000100000000)
  region size 1024K, 14 young (14336K), 0 survivors (0K)
 Metaspace       used 4235K, committed 4416K, reserved 1114112K
  class space    used 484K, committed 576K, reserved 1048576K

Heap Regions: E=young(eden), S=young(survivor), O=old, HS=humongous(starts), HC=humongous(continues), CS=collection set, F=free, TAMS=top-at-mark-start, PB=parsable bottom
|   0|0x0000000083e00000, 0x0000000083e00000, 0x0000000083f00000|  0%| F|  |TAMS 0x0000000083e00000| PB 0x0000000083e00000| Untracked |  0
|   1|0x0000000083f00000, 0x0000000083f00000, 0x0000000084000000|  0%| F|  |TAMS 0x0000000083f00000| PB 0x0000000083f00000| Untracked |  0
|   2|0x0000000084000000, 0x0000000084000000, 0x0000000084100000|  0%| F|  |TAMS 0x0000000084000000| PB 0x0000000084000000| Untracked |  0
|   3|0x0000000084100000, 0x0000000084100000, 0x0000000084200000|  0%| F|  |TAMS 0x0000000084100000| PB 0x0000000084100000| Untracked |  0
|   4|0x0000000084200000, 0x0000000084200000, 0x0000000084300000|  0%| F|  |TAMS 0x0000000084200000| PB 0x0000000084200000| Untracked |  0
|   5|0x0000000084300000, 0x0000000084300000, 0x0000000084400000|  0%| F|  |TAMS 0x0000000084300000| PB 0x0000000084300000| Untracked |  0
|   6|0x0000000084400000, 0x0000000084400000, 0x0000000084500000|  0%| F|  |TAMS 0x0000000084400000| PB 0x0000000084400000| Untracked |  0
|   7|0x0000000084500000, 0x0000000084500000, 0x0000000084600000|  0%| F|  |TAMS 0x0000000084500000| PB 0x0000000084500000| Untracked |  0
|   8|0x0000000084600000, 0x0000000084600000, 0x0000000084700000|  0%| F|  |TAMS 0x0000000084600000| PB 0x0000000084600000| Untracked |  0
|   9|0x0000000084700000, 0x0000000084700000, 0x0000000084800000|  0%| F|  |TAMS 0x0000000084700000| PB 0x0000000084700000| Untracked |  0
|  10|0x0000000084800000, 0x0000000084800000, 0x0000000084900000|  0%| F|  |TAMS 0x0000000084800000| PB 0x0000000084800000| Untracked |  0
|  11|0x0000000084900000, 0x0000000084900000, 0x0000000084a00000|  0%| F|  |TAMS 0x0000000084900000| PB 0x0000000084900000| Untracked |  0
|  12|0x0000000084a00000, 0x0000000084a00000, 0x0000000084b00000|  0%| F|  |TAMS 0x0000000084a00000| PB 0x0000000084a00000| Untracked |  0
|  13|0x0000000084b00000, 0x0000000084b00000, 0x0000000084c00000|  0%| F|  |TAMS 0x0000000084b00000| PB 0x0000000084b00000| Untracked |  0
|  14|0x0000000084c00000, 0x0000000084c00000, 0x0000000084d00000|  0%| F|  |TAMS 0x0000000084c00000| PB 0x0000000084c00000| Untracked |  0
|  15|0x0000000084d00000, 0x0000000084d00000, 0x0000000084e00000|  0%| F|  |TAMS 0x0000000084d00000| PB 0x0000000084d00000| Untracked |  0
|  16|0x0000000084e00000, 0x0000000084e00000, 0x0000000084f00000|  0%| F|  |TAMS 0x0000000084e00000| PB 0x0000000084e00000| Untracked |  0
|  17|0x0000000084f00000, 0x0000000084f00000, 0x0000000085000000|  0%| F|  |TAMS 0x0000000084f00000| PB 0x0000000084f00000| Untracked |  0
|  18|0x0000000085000000, 0x0000000085000000, 0x0000000085100000|  0%| F|  |TAMS 0x0000000085000000| PB 0x0000000085000000| Untracked |  0
|  19|0x0000000085100000, 0x0000000085100000, 0x0000000085200000|  0%| F|  |TAMS 0x0000000085100000| PB 0x0000000085100000| Untracked |  0
|  20|0x0000000085200000, 0x0000000085200000, 0x0000000085300000|  0%| F|  |TAMS 0x0000000085200000| PB 0x0000000085200000| Untracked |  0
|  21|0x0000000085300000, 0x0000000085300000, 0x0000000085400000|  0%| F|  |TAMS 0x0000000085300000| PB 0x0000000085300000| Untracked |  0
|  22|0x0000000085400000, 0x0000000085400000, 0x0000000085500000|  0%| F|  |TAMS 0x0000000085400000| PB 0x0000000085400000| Untracked |  0
|  23|0x0000000085500000, 0x0000000085500000, 0x0000000085600000|  0%| F|  |TAMS 0x0000000085500000| PB 0x0000000085500000| Untracked |  0
|  24|0x0000000085600000, 0x0000000085600000, 0x0000000085700000|  0%| F|  |TAMS 0x0000000085600000| PB 0x0000000085600000| Untracked |  0
|  25|0x0000000085700000, 0x0000000085700000, 0x0000000085800000|  0%| F|  |TAMS 0x0000000085700000| PB 0x0000000085700000| Untracked |  0
|  26|0x0000000085800000, 0x0000000085800000, 0x0000000085900000|  0%| F|  |TAMS 0x0000000085800000| PB 0x0000000085800000| Untracked |  0
|  27|0x0000000085900000, 0x0000000085900000, 0x0000000085a00000|  0%| F|  |TAMS 0x0000000085900000| PB 0x0000000085900000| Untracked |  0
|  28|0x0000000085a00000, 0x0000000085a00000, 0x0000000085b00000|  0%| F|  |TAMS 0x0000000085a00000| PB 0x0000000085a00000| Untracked |  0
|  29|0x0000000085b00000, 0x0000000085b00000, 0x0000000085c00000|  0%| F|  |TAMS 0x0000000085b00000| PB 0x0000000085b00000| Untracked |  0
|  30|0x0000000085c00000, 0x0000000085c00000, 0x0000000085d00000|  0%| F|  |TAMS 0x0000000085c00000| PB 0x0000000085c00000| Untracked |  0
|  31|0x0000000085d00000, 0x0000000085d00000, 0x0000000085e00000|  0%| F|  |TAMS 0x0000000085d00000| PB 0x0000000085d00000| Untracked |  0
|  32|0x0000000085e00000, 0x0000000085e00000, 0x0000000085f00000|  0%| F|  |TAMS 0x0000000085e00000| PB 0x0000000085e00000| Untracked |  0
|  33|0x0000000085f00000, 0x0000000085f00000, 0x0000000086000000|  0%| F|  |TAMS 0x0000000085f00000| PB 0x0000000085f00000| Untracked |  0
|  34|0x0000000086000000, 0x0000000086000000, 0x0000000086100000|  0%| F|  |TAMS 0x0000000086000000| PB 0x0000000086000000| Untracked |  0
|  35|0x0000000086100000, 0x0000000086100000, 0x0000000086200000|  0%| F|  |TAMS 0x0000000086100000| PB 0x0000000086100000| Untracked |  0
|  36|0x0000000086200000, 0x0000000086200000, 0x0000000086300000|  0%| F|  |TAMS 0x0000000086200000| PB 0x0000000086200000| Untracked |  0
|  37|0x0000000086300000, 0x0000000086300000, 0x0000000086400000|  0%| F|  |TAMS 0x0000000086300000| PB 0x0000000086300000| Untracked |  0
|  38|0x0000000086400000, 0x0000000086400000, 0x0000000086500000|  0%| F|  |TAMS 0x0000000086400000| PB 0x0000000086400000| Untracked |  0
|  39|0x0000000086500000, 0x0000000086500000, 0x0000000086600000|  0%| F|  |TAMS 0x0000000086500000| PB 0x0000000086500000| Untracked |  0
|  40|0x0000000086600000, 0x0000000086600000, 0x0000000086700000|  0%| F|  |TAMS 0x0000000086600000| PB 0x0000000086600000| Untracked |  0
|  41|0x0000000086700000, 0x0000000086700000, 0x0000000086800000|  0%| F|  |TAMS 0x0000000086700000| PB 0x0000000086700000| Untracked |  0
|  42|0x0000000086800000, 0x0000000086800000, 0x0000000086900000|  0%| F|  |TAMS 0x0000000086800000| PB 0x0000000086800000| Untracked |  0
|  43|0x0000000086900000, 0x0000000086900000, 0x0000000086a00000|  0%| F|  |TAMS 0x0000000086900000| PB 0x0000000086900000| Untracked |  0
|  44|0x0000000086a00000, 0x0000000086a00000, 0x0000000086b00000|  0%| F|  |TAMS 0x0000000086a00000| PB 0x0000000086a00000| Untracked |  0
|  45|0x0000000086b00000, 0x0000000086b00000, 0x0000000086c00000|  0%| F|  |TAMS 0x0000000086b00000| PB 0x0000000086b00000| Untracked |  0
|  46|0x0000000086c00000, 0x0000000086c00000, 0x0000000086d00000|  0%| F|  |TAMS 0x0000000086c00000| PB 0x0000000086c00000| Untracked |  0
|  47|0x0000000086d00000, 0x0000000086d00000, 0x0000000086e00000|  0%| F|  |TAMS 0x0000000086d00000| PB 0x0000000086d00000| Untracked |  0
|  48|0x0000000086e00000, 0x0000000086e00000, 0x0000000086f00000|  0%| F|  |TAMS 0x0000000086e00000| PB 0x0000000086e00000| Untracked |  0
|  49|0x0000000086f00000, 0x0000000086f00000, 0x0000000087000000|  0%| F|  |TAMS 0x0000000086f00000| PB 0x0000000086f00000| Untracked |  0
|  50|0x0000000087000000, 0x0000000087000000, 0x0000000087100000|  0%| F|  |TAMS 0x0000000087000000| PB 0x0000000087000000| Untracked |  0
|  51|0x0000000087100000, 0x0000000087100000, 0x0000000087200000|  0%| F|  |TAMS 0x0000000087100000| PB 0x0000000087100000| Untracked |  0
|  52|0x0000000087200000, 0x0000000087200000, 0x0000000087300000|  0%| F|  |TAMS 0x0000000087200000| PB 0x0000000087200000| Untracked |  0
|  53|0x0000000087300000, 0x0000000087300000, 0x0000000087400000|  0%| F|  |TAMS 0x0000000087300000| PB 0x0000000087300000| Untracked |  0
|  54|0x0000000087400000, 0x0000000087400000, 0x0000000087500000|  0%| F|  |TAMS 0x0000000087400000| PB 0x0000000087400000| Untracked |  0
|  55|0x0000000087500000, 0x0000000087500000, 0x0000000087600000|  0%| F|  |TAMS 0x0000000087500000| PB 0x0000000087500000| Untracked |  0
|  56|0x0000000087600000, 0x0000000087600000, 0x0000000087700000|  0%| F|  |TAMS 0x0000000087600000| PB 0x0000000087600000| Untracked |  0
|  57|0x0000000087700000, 0x0000000087700000, 0x0000000087800000|  0%| F|  |TAMS 0x0000000087700000| PB 0x0000000087700000| Untracked |  0
|  58|0x0000000087800000, 0x0000000087800000, 0x0000000087900000|  0%| F|  |TAMS 0x0000000087800000| PB 0x0000000087800000| Untracked |  0
|  59|0x0000000087900000, 0x0000000087900000, 0x0000000087a00000|  0%| F|  |TAMS 0x0000000087900000| PB 0x0000000087900000| Untracked |  0
|  60|0x0000000087a00000, 0x0000000087a00000, 0x0000000087b00000|  0%| F|  |TAMS 0x0000000087a00000| PB 0x0000000087a00000| Untracked |  0
|  61|0x0000000087b00000, 0x0000000087b00000, 0x0000000087c00000|  0%| F|  |TAMS 0x0000000087b00000| PB 0x0000000087b00000| Untracked |  0
|  62|0x0000000087c00000, 0x0000000087c00000, 0x0000000087d00000|  0%| F|  |TAMS 0x0000000087c00000| PB 0x0000000087c00000| Untracked |  0
|  63|0x0000000087d00000, 0x0000000087d00000, 0x0000000087e00000|  0%| F|  |TAMS 0x0000000087d00000| PB 0x0000000087d00000| Untracked |  0
|  64|0x0000000087e00000, 0x0000000087e00000, 0x0000000087f00000|  0%| F|  |TAMS 0x0000000087e00000| PB 0x0000000087e00000| Untracked |  0
|  65|0x0000000087f00000, 0x0000000087f00000, 0x0000000088000000|  0%| F|  |TAMS 0x0000000087f00000| PB 0x0000000087f00000| Untracked |  0
|  66|0x0000000088000000, 0x0000000088000000, 0x0000000088100000|  0%| F|  |TAMS 0x0000000088000000| PB 0x0000000088000000| Untracked |  0
|  67|0x0000000088100000, 0x0000000088100000, 0x0000000088200000|  0%| F|  |TAMS 0x0000000088100000| PB 0x0000000088100000| Untracked |  0
|  68|0x0000000088200000, 0x0000000088200000, 0x0000000088300000|  0%| F|  |TAMS 0x0000000088200000| PB 0x0000000088200000| Untracked |  0
|  69|0x0000000088300000, 0x0000000088300000, 0x0000000088400000|  0%| F|  |TAMS 0x0000000088300000| PB 0x0000000088300000| Untracked |  0
|  70|0x0000000088400000, 0x0000000088400000, 0x0000000088500000|  0%| F|  |TAMS 0x0000000088400000| PB 0x0000000088400000| Untracked |  0
|  71|0x0000000088500000, 0x0000000088500000, 0x0000000088600000|  0%| F|  |TAMS 0x0000000088500000| PB 0x0000000088500000| Untracked |  0
|  72|0x0000000088600000, 0x0000000088600000, 0x0000000088700000|  0%| F|  |TAMS 0x0000000088600000| PB 0x0000000088600000| Untracked |  0
|  73|0x0000000088700000, 0x0000000088700000, 0x0000000088800000|  0%| F|  |TAMS 0x0000000088700000| PB 0x0000000088700000| Untracked |  0
|  74|0x0000000088800000, 0x0000000088800000, 0x0000000088900000|  0%| F|  |TAMS 0x0000000088800000| PB 0x0000000088800000| Untracked |  0
|  75|0x0000000088900000, 0x0000000088900000, 0x0000000088a00000|  0%| F|  |TAMS 0x0000000088900000| PB 0x0000000088900000| Untracked |  0
|  76|0x0000000088a00000, 0x0000000088a00000, 0x0000000088b00000|  0%| F|  |TAMS 0x0000000088a00000| PB 0x0000000088a00000| Untracked |  0
|  77|0x0000000088b00000, 0x0000000088b00000, 0x0000000088c00000|  0%| F|  |TAMS 0x0000000088b00000| PB 0x0000000088b00000| Untracked |  0
|  78|0x0000000088c00000, 0x0000000088c00000, 0x0000000088d00000|  0%| F|  |TAMS 0x0000000088c00000| PB 0x0000000088c00000| Untracked |  0
|  79|0x0000000088d00000, 0x0000000088d00000, 0x0000000088e00000|  0%| F|  |TAMS 0x0000000088d00000| PB 0x0000000088d00000| Untracked |  0
|  80|0x0000000088e00000, 0x0000000088e00000, 0x0000000088f00000|  0%| F|  |TAMS 0x0000000088e00000| PB 0x0000000088e00000| Untracked |  0
|  81|0x0000000088f00000, 0x0000000088f00000, 0x0000000089000000|  0%| F|  |TAMS 0x0000000088f00000| PB 0x0000000088f00000| Untracked |  0
|  82|0x0000000089000000, 0x0000000089000000, 0x0000000089100000|  0%| F|  |TAMS 0x0000000089000000| PB 0x0000000089000000| Untracked |  0
|  83|0x0000000089100000, 0x0000000089100000, 0x0000000089200000|  0%| F|  |TAMS 0x0000000089100000| PB 0x0000000089100000| Untracked |  0
|  84|0x0000000089200000, 0x0000000089200000, 0x0000000089300000|  0%| F|  |TAMS 0x0000000089200000| PB 0x0000000089200000| Untracked |  0
|  85|0x0000000089300000, 0x0000000089300000, 0x0000000089400000|  0%| F|  |TAMS 0x0000000089300000| PB 0x0000000089300000| Untracked |  0
|  86|0x0000000089400000, 0x0000000089400000, 0x0000000089500000|  0%| F|  |TAMS 0x0000000089400000| PB 0x0000000089400000| Untracked |  0
|  87|0x0000000089500000, 0x0000000089500000, 0x0000000089600000|  0%| F|  |TAMS 0x0000000089500000| PB 0x0000000089500000| Untracked |  0
|  88|0x0000000089600000, 0x0000000089600000, 0x0000000089700000|  0%| F|  |TAMS 0x0000000089600000| PB 0x0000000089600000| Untracked |  0
|  89|0x0000000089700000, 0x0000000089700000, 0x0000000089800000|  0%| F|  |TAMS 0x0000000089700000| PB 0x0000000089700000| Untracked |  0
|  90|0x0000000089800000, 0x0000000089800000, 0x0000000089900000|  0%| F|  |TAMS 0x0000000089800000| PB 0x0000000089800000| Untracked |  0
|  91|0x0000000089900000, 0x0000000089900000, 0x0000000089a00000|  0%| F|  |TAMS 0x0000000089900000| PB 0x0000000089900000| Untracked |  0
|  92|0x0000000089a00000, 0x0000000089a00000, 0x0000000089b00000|  0%| F|  |TAMS 0x0000000089a00000| PB 0x0000000089a00000| Untracked |  0
|  93|0x0000000089b00000, 0x0000000089b00000, 0x0000000089c00000|  0%| F|  |TAMS 0x0000000089b00000| PB 0x0000000089b00000| Untracked |  0
|  94|0x0000000089c00000, 0x0000000089c00000, 0x0000000089d00000|  0%| F|  |TAMS 0x0000000089c00000| PB 0x0000000089c00000| Untracked |  0
|  95|0x0000000089d00000, 0x0000000089d00000, 0x0000000089e00000|  0%| F|  |TAMS 0x0000000089d00000| PB 0x0000000089d00000| Untracked |  0
|  96|0x0000000089e00000, 0x0000000089e00000, 0x0000000089f00000|  0%| F|  |TAMS 0x0000000089e00000| PB 0x0000000089e00000| Untracked |  0
|  97|0x0000000089f00000, 0x0000000089f00000, 0x000000008a000000|  0%| F|  |TAMS 0x0000000089f00000| PB 0x0000000089f00000| Untracked |  0
|  98|0x000000008a000000, 0x000000008a000000, 0x000000008a100000|  0%| F|  |TAMS 0x000000008a000000| PB 0x000000008a000000| Untracked |  0
|  99|0x000000008a100000, 0x000000008a100000, 0x000000008a200000|  0%| F|  |TAMS 0x000000008a100000| PB 0x000000008a100000| Untracked |  0
| 100|0x000000008a200000, 0x000000008a200000, 0x000000008a300000|  0%| F|  |TAMS 0x000000008a200000| PB 0x000000008a200000| Untracked |  0
| 101|0x000000008a300000, 0x000000008a300000, 0x000000008a400000|  0%| F|  |TAMS 0x000000008a300000| PB 0x000000008a300000| Untracked |  0
| 102|0x000000008a400000, 0x000000008a400000, 0x000000008a500000|  0%| F|  |TAMS 0x000000008a400000| PB 0x000000008a400000| Untracked |  0
| 103|0x000000008a500000, 0x000000008a500000, 0x000000008a600000|  0%| F|  |TAMS 0x000000008a500000| PB 0x000000008a500000| Untracked |  0
| 104|0x000000008a600000, 0x000000008a600000, 0x000000008a700000|  0%| F|  |TAMS 0x000000008a600000| PB 0x000000008a600000| Untracked |  0
| 105|0x000000008a700000, 0x000000008a700000, 0x000000008a800000|  0%| F|  |TAMS 0x000000008a700000| PB 0x000000008a700000| Untracked |  0
| 106|0x000000008a800000, 0x000000008a800000, 0x000000008a900000|  0%| F|  |TAMS 0x000000008a800000| PB 0x000000008a800000| Untracked |  0
| 107|0x000000008a900000, 0x000000008a900000, 0x000000008aa00000|  0%| F|  |TAMS 0x000000008a900000| PB 0x000000008a900000| Untracked |  0
| 108|0x000000008aa00000, 0x000000008aa00000, 0x000000008ab00000|  0%| F|  |TAMS 0x000000008aa00000| PB 0x000000008aa00000| Untracked |  0
| 109|0x000000008ab00000, 0x000000008ab00000, 0x000000008ac00000|  0%| F|  |TAMS 0x000000008ab00000| PB 0x000000008ab00000| Untracked |  0
| 110|0x000000008ac00000, 0x000000008ac00000, 0x000000008ad00000|  0%| F|  |TAMS 0x000000008ac00000| PB 0x000000008ac00000| Untracked |  0
| 111|0x000000008ad00000, 0x000000008ad00000, 0x000000008ae00000|  0%| F|  |TAMS 0x000000008ad00000| PB 0x000000008ad00000| Untracked |  0
| 112|0x000000008ae00000, 0x000000008aef60c0, 0x000000008af00000| 96%| E|  |TAMS 0x000000008ae00000| PB 0x000000008ae00000| Complete |  0
| 113|0x000000008af00000, 0x000000008b000000, 0x000000008b000000|100%| E|CS|TAMS 0x000000008af00000| PB 0x000000008af00000| Complete |  0
| 114|0x000000008b000000, 0x000000008b100000, 0x000000008b100000|100%| E|CS|TAMS 0x000000008b000000| PB 0x000000008b000000| Complete |  0
| 115|0x000000008b100000, 0x000000008b200000, 0x000000008b200000|100%| E|CS|TAMS 0x000000008b100000| PB 0x000000008b100000| Complete |  0
| 116|0x000000008b200000, 0x000000008b300000, 0x000000008b300000|100%| E|CS|TAMS 0x000000008b200000| PB 0x000000008b200000| Complete |  0
| 117|0x000000008b300000, 0x000000008b400000, 0x000000008b400000|100%| E|CS|TAMS 0x000000008b300000| PB 0x000000008b300000| Complete |  0
| 118|0x000000008b400000, 0x000000008b500000, 0x000000008b500000|100%| E|CS|TAMS 0x000000008b400000| PB 0x000000008b400000| Complete |  0
| 119|0x000000008b500000, 0x000000008b600000, 0x000000008b600000|100%| E|CS|TAMS 0x000000008b500000| PB 0x000000008b500000| Complete |  0
| 120|0x000000008b600000, 0x000000008b700000, 0x000000008b700000|100%| E|CS|TAMS 0x000000008b600000| PB 0x000000008b600000| Complete |  0
| 121|0x000000008b700000, 0x000000008b800000, 0x000000008b800000|100%| E|CS|TAMS 0x000000008b700000| PB 0x000000008b700000| Complete |  0
| 122|0x000000008b800000, 0x000000008b900000, 0x000000008b900000|100%| E|CS|TAMS 0x000000008b800000| PB 0x000000008b800000| Complete |  0
| 123|0x000000008b900000, 0x000000008ba00000, 0x000000008ba00000|100%| E|  |TAMS 0x000000008b900000| PB 0x000000008b900000| Complete |  0
| 124|0x000000008ba00000, 0x000000008bb00000, 0x000000008bb00000|100%| E|CS|TAMS 0x000000008ba00000| PB 0x000000008ba00000| Complete |  0
| 125|0x000000008bb00000, 0x000000008bc00000, 0x000000008bc00000|100%| E|CS|TAMS 0x000000008bb00000| PB 0x000000008bb00000| Complete |  0

Card table byte_map: [0x0000019f39810000,0x0000019f39c00000] _byte_map_base: 0x0000019f393f1000

Marking Bits: (CMBitMap*) 0x0000019f2010c180
 Bits: [0x0000019f39c00000, 0x0000019f3bb08000)

Polling page: 0x0000019f1fd90000

Metaspace:

Usage:
  Non-class:      3.66 MB used.
      Class:    484.74 KB used.
       Both:      4.14 MB used.

Virtual space:
  Non-class space:       64.00 MB reserved,       3.75 MB (  6%) committed,  1 nodes.
      Class space:        1.00 GB reserved,     576.00 KB ( <1%) committed,  1 nodes.
             Both:        1.06 GB reserved,       4.31 MB ( <1%) committed. 

Chunk freelists:
   Non-Class:  10.08 MB
       Class:  15.42 MB
        Both:  25.50 MB

MaxMetaspaceSize: unlimited
CompressedClassSpaceSize: 1.00 GB
Initial GC threshold: 21.00 MB
Current GC threshold: 21.00 MB
CDS: on
 - commit_granule_bytes: 65536.
 - commit_granule_words: 8192.
 - virtual_space_node_default_size: 8388608.
 - enlarge_chunks_in_place: 1.
 - use_allocation_guard: 0.


Internal statistics:

num_allocs_failed_limit: 0.
num_arena_births: 116.
num_arena_deaths: 0.
num_vsnodes_births: 2.
num_vsnodes_deaths: 0.
num_space_committed: 69.
num_space_uncommitted: 0.
num_chunks_returned_to_freelist: 0.
num_chunks_taken_from_freelist: 264.
num_chunk_merges: 0.
num_chunk_splits: 152.
num_chunks_enlarged: 76.
num_inconsistent_stats: 0.

CodeHeap 'non-profiled nmethods': size=120000Kb used=276Kb max_used=276Kb free=119723Kb
 bounds [0x0000019f31480000, 0x0000019f316f0000, 0x0000019f389b0000]
CodeHeap 'profiled nmethods': size=120000Kb used=1236Kb max_used=1236Kb free=118764Kb
 bounds [0x0000019f299b0000, 0x0000019f29c20000, 0x0000019f30ee0000]
CodeHeap 'non-nmethods': size=5760Kb used=1507Kb max_used=1515Kb free=4252Kb
 bounds [0x0000019f30ee0000, 0x0000019f31150000, 0x0000019f31480000]
 total_blobs=1295 nmethods=824 adapters=376
 compilation: enabled
              stopped_count=0, restarted_count=0
 full_count=0

Compilation events (20 events):
Event: 0.513 Thread 0x0000019f3e55bf60  806       3       java.util.jar.JarFile::getManifest (5 bytes)
Event: 0.513 Thread 0x0000019f3e55bf60 nmethod 806 0x0000019f29adee10 code [0x0000019f29adefc0, 0x0000019f29adf0f8]
Event: 0.513 Thread 0x0000019f3e55bf60  807       3       java.net.URL::toString (5 bytes)
Event: 0.513 Thread 0x0000019f3e55bf60 nmethod 807 0x0000019f29adf190 code [0x0000019f29adf340, 0x0000019f29adf578]
Event: 0.513 Thread 0x0000019f3e55bf60  808       3       java.net.URL::toExternalForm (9 bytes)
Event: 0.513 Thread 0x0000019f3e55bf60 nmethod 808 0x0000019f29adf690 code [0x0000019f29adf840, 0x0000019f29adfa18]
Event: 0.515 Thread 0x0000019f3e55bf60  809       3       java.lang.StringCoding::hasNegatives (16 bytes)
Event: 0.515 Thread 0x0000019f3e55bf60 nmethod 809 0x0000019f29adfb10 code [0x0000019f29adfcc0, 0x0000019f29adfe30]
Event: 0.515 Thread 0x0000019f3e55bf60  810       3       java.io.WinNTFileSystem::resolve (349 bytes)
Event: 0.517 Thread 0x0000019f3e55bf60 nmethod 810 0x0000019f29adff10 code [0x0000019f29ae0440, 0x0000019f29ae3258]
Event: 0.517 Thread 0x0000019f3e55bf60  811       3       java.lang.String::<init> (10 bytes)
Event: 0.517 Thread 0x0000019f3e55bf60 nmethod 811 0x0000019f29ae4310 code [0x0000019f29ae44c0, 0x0000019f29ae4610]
Event: 0.518 Thread 0x0000019f3e55bf60  812       3       java.util.AbstractList::<init> (10 bytes)
Event: 0.518 Thread 0x0000019f3e55bf60 nmethod 812 0x0000019f29ae4710 code [0x0000019f29ae48c0, 0x0000019f29ae4a90]
Event: 0.518 Thread 0x0000019f3e55bf60  813       3       sun.net.www.protocol.file.Handler::parseURL (18 bytes)
Event: 0.518 Thread 0x0000019f3e55bf60 nmethod 813 0x0000019f29ae4b90 code [0x0000019f29ae4d40, 0x0000019f29ae4f00]
Event: 0.518 Thread 0x0000019f3e55bf60  814       3       java.net.URLStreamHandler::parseURL (1124 bytes)
Event: 0.520 Thread 0x0000019f3e559dd0  818       4       java.util.zip.ZipCoder::hash (36 bytes)
Event: 0.521 Thread 0x0000019f3e559dd0 nmethod 818 0x0000019f314c2910 code [0x0000019f314c2ac0, 0x0000019f314c2cc0]
Event: 0.522 Thread 0x0000019f3e559dd0  820       4       java.util.zip.ZipFile::ensureOpen (40 bytes)

GC Heap History (0 events):
No events

Dll operation events (10 events):
Event: 0.073 Loaded shared library C:\Program Files\Java\jdk-22\bin\java.dll
Event: 0.105 Loaded shared library C:\Program Files\Java\jdk-22\bin\jsvml.dll
Event: 0.165 Loaded shared library C:\Program Files\Java\jdk-22\bin\zip.dll
Event: 0.169 Loaded shared library C:\Program Files\Java\jdk-22\bin\instrument.dll
Event: 0.173 Loaded shared library C:\Program Files\Java\jdk-22\bin\net.dll
Event: 0.175 Loaded shared library C:\Program Files\Java\jdk-22\bin\nio.dll
Event: 0.178 Loaded shared library C:\Program Files\Java\jdk-22\bin\zip.dll
Event: 0.320 Loaded shared library D:\Academic\B.Tech\Intelij\IntelliJ IDEA Community Edition 2024.1.5\bin\breakgen64.dll
Event: 0.332 Loaded shared library C:\Program Files\Java\jdk-22\bin\extnet.dll
Event: 0.355 Loaded shared library C:\Program Files\Java\jdk-22\bin\jimage.dll

Deoptimization events (20 events):
Event: 0.385 Thread 0x0000019f200b4530 DEOPT PACKING pc=0x0000019f3148f6bc sp=0x00000022e73fb410
Event: 0.385 Thread 0x0000019f200b4530 DEOPT UNPACKING pc=0x0000019f30f37da2 sp=0x00000022e73fb3b0 mode 2
Event: 0.385 Thread 0x0000019f200b4530 Uncommon trap: trap_request=0xffffffc6 fr.pc=0x0000019f3148f678 relative=0x0000000000000b38
Event: 0.385 Thread 0x0000019f200b4530 Uncommon trap: reason=bimorphic_or_optimized_type_check action=maybe_recompile pc=0x0000019f3148f678 method=java.util.HashMap.putVal(ILjava/lang/Object;Ljava/lang/Object;ZZ)Ljava/lang/Object; @ 56 c2
Event: 0.385 Thread 0x0000019f200b4530 DEOPT PACKING pc=0x0000019f3148f678 sp=0x00000022e73fb410
Event: 0.385 Thread 0x0000019f200b4530 DEOPT UNPACKING pc=0x0000019f30f37da2 sp=0x00000022e73fb3a8 mode 2
Event: 0.429 Thread 0x0000019f200b4530 Uncommon trap: trap_request=0xffffff45 fr.pc=0x0000019f31495f70 relative=0x0000000000000070
Event: 0.429 Thread 0x0000019f200b4530 Uncommon trap: reason=unstable_if action=reinterpret pc=0x0000019f31495f70 method=java.io.WinNTFileSystem.isSlash(C)Z @ 9 c2
Event: 0.429 Thread 0x0000019f200b4530 DEOPT PACKING pc=0x0000019f31495f70 sp=0x00000022e73fcad0
Event: 0.429 Thread 0x0000019f200b4530 DEOPT UNPACKING pc=0x0000019f30f37da2 sp=0x00000022e73fca58 mode 2
Event: 0.443 Thread 0x0000019f200b4530 DEOPT PACKING pc=0x0000019f299fb4e0 sp=0x00000022e73fc650
Event: 0.443 Thread 0x0000019f200b4530 DEOPT UNPACKING pc=0x0000019f30f388e2 sp=0x00000022e73fbb20 mode 0
Event: 0.454 Thread 0x0000019f200b4530 DEOPT PACKING pc=0x0000019f29a18425 sp=0x00000022e73fa340
Event: 0.454 Thread 0x0000019f200b4530 DEOPT UNPACKING pc=0x0000019f30f388e2 sp=0x00000022e73f97b8 mode 0
Event: 0.469 Thread 0x0000019f200b4530 DEOPT PACKING pc=0x0000019f29a18425 sp=0x00000022e73f7870
Event: 0.469 Thread 0x0000019f200b4530 DEOPT UNPACKING pc=0x0000019f30f388e2 sp=0x00000022e73f6cc0 mode 0
Event: 0.489 Thread 0x0000019f200b4530 Uncommon trap: trap_request=0xffffff6e fr.pc=0x0000019f314b11cc relative=0x000000000000040c
Event: 0.489 Thread 0x0000019f200b4530 Uncommon trap: reason=loop_limit_check action=maybe_recompile pc=0x0000019f314b11cc method=java.lang.StringLatin1.indexOf([BI[BII)I @ 37 c2
Event: 0.489 Thread 0x0000019f200b4530 DEOPT PACKING pc=0x0000019f314b11cc sp=0x00000022e73fc760
Event: 0.489 Thread 0x0000019f200b4530 DEOPT UNPACKING pc=0x0000019f30f37da2 sp=0x00000022e73fc6c0 mode 2

Classes loaded (20 events):
Event: 0.505 Loading class java/time/zone/ZoneRulesProvider
Event: 0.505 Loading class java/time/zone/ZoneRulesProvider done
Event: 0.505 Loading class java/time/zone/ZoneRulesProvider$1
Event: 0.505 Loading class java/time/zone/ZoneRulesProvider$1 done
Event: 0.505 Loading class java/time/zone/TzdbZoneRulesProvider
Event: 0.506 Loading class java/time/zone/TzdbZoneRulesProvider done
Event: 0.508 Loading class java/util/Arrays$ArrayItr
Event: 0.508 Loading class java/util/Arrays$ArrayItr done
Event: 0.509 Loading class java/time/zone/Ser
Event: 0.509 Loading class java/io/Externalizable
Event: 0.509 Loading class java/io/Externalizable done
Event: 0.509 Loading class java/time/zone/Ser done
Event: 0.510 Loading class java/time/zone/ZoneOffsetTransition
Event: 0.510 Loading class java/time/zone/ZoneOffsetTransition done
Event: 0.512 Loading class java/util/concurrent/atomic/AtomicReference
Event: 0.512 Loading class java/util/concurrent/atomic/AtomicReference done
Event: 0.520 Loading class java/lang/InterruptedException
Event: 0.520 Loading class java/lang/InterruptedException done
Event: 0.520 Loading class java/util/concurrent/TimeoutException
Event: 0.520 Loading class java/util/concurrent/TimeoutException done

Classes unloaded (0 events):
No events

Classes redefined (0 events):
No events

Internal exceptions (12 events):
Event: 0.218 Thread 0x0000019f200b4530 Exception <a 'java/lang/NoSuchMethodError'{0x000000008b760f00}: 'void java.lang.invoke.DirectMethodHandle$Holder.invokeStatic(java.lang.Object, java.lang.Object, java.lang.Object)'> (0x000000008b760f00) 
thrown [s\open\src\hotspot\share\interpreter\linkResolver.cpp, line 774]
Event: 0.220 Thread 0x0000019f200b4530 Exception <a 'java/lang/NoSuchMethodError'{0x000000008b778a88}: 'java.lang.Object java.lang.invoke.Invokers$Holder.invokeExact_MT(java.lang.Object, java.lang.Object, java.lang.Object, java.lang.Object, java.lang.Object)'> (0x000000008b778a88) 
thrown [s\open\src\hotspot\share\interpreter\linkResolver.cpp, line 774]
Event: 0.334 Thread 0x0000019f3ea55ae0 Exception <a 'java/lang/NoSuchMethodError'{0x000000008b79e698}: 'void java.lang.invoke.DirectMethodHandle$Holder.invokeStatic(java.lang.Object, java.lang.Object)'> (0x000000008b79e698) 
thrown [s\open\src\hotspot\share\interpreter\linkResolver.cpp, line 774]
Event: 0.350 Thread 0x0000019f200b4530 Exception <a 'java/lang/NoSuchMethodError'{0x000000008b6ba3b8}: 'java.lang.Object java.lang.invoke.DirectMethodHandle$Holder.invokeStaticInit(java.lang.Object, java.lang.Object, java.lang.Object)'> (0x000000008b6ba3b8) 
thrown [s\open\src\hotspot\share\interpreter\linkResolver.cpp, line 774]
Event: 0.388 Thread 0x0000019f200b4530 Exception <a 'java/lang/NoSuchMethodError'{0x000000008b5c8470}: 'void java.lang.invoke.DirectMethodHandle$Holder.invokeStatic(java.lang.Object, java.lang.Object, java.lang.Object, java.lang.Object)'> (0x000000008b5c8470) 
thrown [s\open\src\hotspot\share\interpreter\linkResolver.cpp, line 774]
Event: 0.410 Thread 0x0000019f200b4530 Exception <a 'java/lang/NoSuchMethodError'{0x000000008b42c110}: 'int java.lang.invoke.DirectMethodHandle$Holder.invokeStatic(java.lang.Object)'> (0x000000008b42c110) 
thrown [s\open\src\hotspot\share\interpreter\linkResolver.cpp, line 774]
Event: 0.411 Thread 0x0000019f200b4530 Exception <a 'java/lang/NoSuchMethodError'{0x000000008b42f348}: 'int java.lang.invoke.DirectMethodHandle$Holder.invokeStaticInit(java.lang.Object)'> (0x000000008b42f348) 
thrown [s\open\src\hotspot\share\interpreter\linkResolver.cpp, line 774]
Event: 0.421 Thread 0x0000019f200b4530 Exception <a 'java/lang/NoSuchMethodError'{0x000000008b484328}: 'java.lang.Object java.lang.invoke.DirectMethodHandle$Holder.invokeStatic(java.lang.Object, int, java.lang.Object)'> (0x000000008b484328) 
thrown [s\open\src\hotspot\share\interpreter\linkResolver.cpp, line 774]
Event: 0.425 Thread 0x0000019f200b4530 Exception <a 'java/lang/NoSuchMethodError'{0x000000008b4901e8}: 'java.lang.Object java.lang.invoke.DirectMethodHandle$Holder.invokeInterface(java.lang.Object, java.lang.Object)'> (0x000000008b4901e8) 
thrown [s\open\src\hotspot\share\interpreter\linkResolver.cpp, line 774]
Event: 0.441 Thread 0x0000019f200b4530 Exception <a 'java/lang/NoSuchMethodError'{0x000000008b4fa918}: 'void java.lang.invoke.DirectMethodHandle$Holder.invokeStaticInit(java.lang.Object, java.lang.Object, java.lang.Object, java.lang.Object)'> (0x000000008b4fa918) 
thrown [s\open\src\hotspot\share\interpreter\linkResolver.cpp, line 774]
Event: 0.487 Thread 0x0000019f200b4530 Exception <a 'java/lang/NoSuchMethodError'{0x000000008b292088}: 'java.lang.Object java.lang.invoke.DirectMethodHandle$Holder.invokeSpecial(java.lang.Object, java.lang.Object, java.lang.Object, long, java.lang.Object)'> (0x000000008b292088) 
thrown [s\open\src\hotspot\share\interpreter\linkResolver.cpp, line 774]
Event: 0.488 Thread 0x0000019f200b4530 Exception <a 'java/lang/NoSuchMethodError'{0x000000008b2959e8}: 'java.lang.Object java.lang.invoke.Invokers$Holder.linkToTargetMethod(java.lang.Object, long, java.lang.Object, java.lang.Object)'> (0x000000008b2959e8) 
thrown [s\open\src\hotspot\share\interpreter\linkResolver.cpp, line 774]

ZGC Phase Switch (0 events):
No events

VM Operations (6 events):
Event: 0.153 Executing VM operation: HandshakeAllThreads (Deoptimize)
Event: 0.153 Executing VM operation: HandshakeAllThreads (Deoptimize) done
Event: 0.385 Executing VM operation: HandshakeAllThreads (Deoptimize)
Event: 0.385 Executing VM operation: HandshakeAllThreads (Deoptimize) done
Event: 0.429 Executing VM operation: HandshakeAllThreads (Deoptimize)
Event: 0.429 Executing VM operation: HandshakeAllThreads (Deoptimize) done

Memory protections (0 events):
No events

Nmethod flushes (0 events):
No events

Events (14 events):
Event: 0.087 Thread 0x0000019f200b4530 Thread added: 0x0000019f200b4530
Event: 0.102 Thread 0x0000019f200b4530 Thread added: 0x0000019f3e540960
Event: 0.102 Thread 0x0000019f200b4530 Thread added: 0x0000019f3e5422e0
Event: 0.103 Thread 0x0000019f200b4530 Thread added: 0x0000019f3e54e4e0
Event: 0.103 Thread 0x0000019f200b4530 Thread added: 0x0000019f3e54f4c0
Event: 0.103 Thread 0x0000019f200b4530 Thread added: 0x0000019f3e552320
Event: 0.103 Thread 0x0000019f200b4530 Thread added: 0x0000019f3e557960
Event: 0.103 Thread 0x0000019f200b4530 Thread added: 0x0000019f3e559dd0
Event: 0.103 Thread 0x0000019f200b4530 Thread added: 0x0000019f3e55bf60
Event: 0.147 Thread 0x0000019f200b4530 Thread added: 0x0000019f3e75ff60
Event: 0.202 Thread 0x0000019f3e559dd0 Thread added: 0x0000019f3e90ef60
Event: 0.323 Thread 0x0000019f200b4530 Thread added: 0x0000019f3ea55ae0
Event: 0.323 Thread 0x0000019f200b4530 Thread added: 0x0000019f3ea97f50
Event: 0.324 Thread 0x0000019f3e90ef60 Thread exited: 0x0000019f3e90ef60


Dynamic libraries:
0x00007ff691b60000 - 0x00007ff691b70000 	C:\Program Files\Java\jdk-22\bin\java.exe
0x00007ffd03b60000 - 0x00007ffd03dc8000 	C:\WINDOWS\SYSTEM32\ntdll.dll
0x00007ffd034d0000 - 0x00007ffd03599000 	C:\WINDOWS\System32\KERNEL32.DLL
0x00007ffd013d0000 - 0x00007ffd017c8000 	C:\WINDOWS\System32\KERNELBASE.dll
0x00007ffd01050000 - 0x00007ffd0119b000 	C:\WINDOWS\System32\ucrtbase.dll
0x00007ffccb6f0000 - 0x00007ffccb70b000 	C:\Program Files\Java\jdk-22\bin\VCRUNTIME140.dll
0x00007ffcd1a50000 - 0x00007ffcd1a67000 	C:\Program Files\Java\jdk-22\bin\jli.dll
0x00007ffd02630000 - 0x00007ffd027f7000 	C:\WINDOWS\System32\USER32.dll
0x00007ffce0b80000 - 0x00007ffce0e14000 	C:\WINDOWS\WinSxS\amd64_microsoft.windows.common-controls_6595b64144ccf1df_6.0.26100.7019_none_3e06ffa0e335b8a8\COMCTL32.dll
0x00007ffd011a0000 - 0x00007ffd011c7000 	C:\WINDOWS\System32\win32u.dll
0x00007ffd02c50000 - 0x00007ffd02cf9000 	C:\WINDOWS\System32\msvcrt.dll
0x00007ffd01fc0000 - 0x00007ffd01feb000 	C:\WINDOWS\System32\GDI32.dll
0x00007ffd017d0000 - 0x00007ffd018fc000 	C:\WINDOWS\System32\gdi32full.dll
0x00007ffd00e30000 - 0x00007ffd00ed3000 	C:\WINDOWS\System32\msvcp_win.dll
0x00007ffd03620000 - 0x00007ffd03651000 	C:\WINDOWS\System32\IMM32.DLL
0x00007ffcd5560000 - 0x00007ffcd556c000 	C:\Program Files\Java\jdk-22\bin\vcruntime140_1.dll
0x00007ffcb3ac0000 - 0x00007ffcb3b4e000 	C:\Program Files\Java\jdk-22\bin\msvcp140.dll
0x00007ffc14cd0000 - 0x00007ffc15a19000 	C:\Program Files\Java\jdk-22\bin\server\jvm.dll
0x00007ffd01d60000 - 0x00007ffd01e14000 	C:\WINDOWS\System32\ADVAPI32.dll
0x00007ffd028d0000 - 0x00007ffd02976000 	C:\WINDOWS\System32\sechost.dll
0x00007ffd01c40000 - 0x00007ffd01d58000 	C:\WINDOWS\System32\RPCRT4.dll
0x00007ffd01a00000 - 0x00007ffd01a74000 	C:\WINDOWS\System32\WS2_32.dll
0x00007ffd00b10000 - 0x00007ffd00b6e000 	C:\WINDOWS\SYSTEM32\POWRPROF.dll
0x00007ffcf2e10000 - 0x00007ffcf2e1b000 	C:\WINDOWS\SYSTEM32\VERSION.dll
0x00007ffcee2f0000 - 0x00007ffcee325000 	C:\WINDOWS\SYSTEM32\WINMM.dll
0x00007ffd00af0000 - 0x00007ffd00b04000 	C:\WINDOWS\SYSTEM32\UMPDC.dll
0x00007ffcffa70000 - 0x00007ffcffa8b000 	C:\WINDOWS\SYSTEM32\kernel.appcore.dll
0x00007ffcd1c10000 - 0x00007ffcd1c1a000 	C:\Program Files\Java\jdk-22\bin\jimage.dll
0x00007ffcfe2a0000 - 0x00007ffcfe4e2000 	C:\WINDOWS\SYSTEM32\DBGHELP.DLL
0x00007ffd02190000 - 0x00007ffd0251b000 	C:\WINDOWS\System32\combase.dll
0x00007ffd02980000 - 0x00007ffd02a57000 	C:\WINDOWS\System32\OLEAUT32.dll
0x00007ffcd65c0000 - 0x00007ffcd65fc000 	C:\WINDOWS\SYSTEM32\dbgcore.DLL
0x00007ffd01320000 - 0x00007ffd013c5000 	C:\WINDOWS\System32\bcryptPrimitives.dll
0x00007ffcc9df0000 - 0x00007ffcc9dff000 	C:\Program Files\Java\jdk-22\bin\instrument.dll
0x00007ffcc7a70000 - 0x00007ffcc7a8e000 	C:\Program Files\Java\jdk-22\bin\java.dll
0x00007ffd02d00000 - 0x00007ffd0344f000 	C:\WINDOWS\System32\SHELL32.dll
0x00007ffd00ee0000 - 0x00007ffd0104b000 	C:\WINDOWS\System32\wintypes.dll
0x00007ffd01ff0000 - 0x00007ffd02187000 	C:\WINDOWS\System32\ole32.dll
0x00007ffcfe860000 - 0x00007ffcff0bd000 	C:\WINDOWS\SYSTEM32\windows.storage.dll
0x00007ffd01e40000 - 0x00007ffd01f32000 	C:\WINDOWS\System32\SHCORE.dll
0x00007ffd03460000 - 0x00007ffd034c7000 	C:\WINDOWS\System32\shlwapi.dll
0x00007ffd00bd0000 - 0x00007ffd00bf9000 	C:\WINDOWS\SYSTEM32\profapi.dll
0x00007ffc715e0000 - 0x00007ffc716b7000 	C:\Program Files\Java\jdk-22\bin\jsvml.dll
0x00007ffcb7130000 - 0x00007ffcb7147000 	C:\Program Files\Java\jdk-22\bin\zip.dll
0x00007ffcd06f0000 - 0x00007ffcd0700000 	C:\Program Files\Java\jdk-22\bin\net.dll
0x00007ffcfffe0000 - 0x00007ffd0004b000 	C:\WINDOWS\system32\mswsock.dll
0x00007ffcb79e0000 - 0x00007ffcb79f6000 	C:\Program Files\Java\jdk-22\bin\nio.dll
0x00007ffcb7110000 - 0x00007ffcb712a000 	D:\Academic\B.Tech\Intelij\IntelliJ IDEA Community Edition 2024.1.5\bin\breakgen64.dll
0x00007ffccf3a0000 - 0x00007ffccf3a9000 	C:\Program Files\Java\jdk-22\bin\extnet.dll

dbghelp: loaded successfully - version: 4.0.5 - missing functions: none
symbol engine: initialized successfully - sym options: 0x614 - pdb path: .;C:\Program Files\Java\jdk-22\bin;C:\WINDOWS\SYSTEM32;C:\WINDOWS\WinSxS\amd64_microsoft.windows.common-controls_6595b64144ccf1df_6.0.26100.7019_none_3e06ffa0e335b8a8;C:\Program Files\Java\jdk-22\bin\server;D:\Academic\B.Tech\Intelij\IntelliJ IDEA Community Edition 2024.1.5\bin

VM Arguments:
jvm_args: -javaagent:D:\Academic\B.Tech\Intelij\IntelliJ IDEA Community Edition 2024.1.5\lib\idea_rt.jar=59279:D:\Academic\B.Tech\Intelij\IntelliJ IDEA Community Edition 2024.1.5\bin -Dfile.encoding=UTF-8 -Dsun.stdout.encoding=UTF-8 -Dsun.stderr.encoding=UTF-8 
java_command: com.app.ecom_application.EcomApplication
java_class_path (initial): D:\Academic\B.Tech\Placement\SB\Project\4\ecom-application\ecom-application\target\classes;C:\Users\ameyj\.m2\repository\org\springframework\boot\spring-boot-starter-webmvc\4.0.6\spring-boot-starter-webmvc-4.0.6.jar;C:\Users\ameyj\.m2\repository\org\springframework\boot\spring-boot-starter\4.0.6\spring-boot-starter-4.0.6.jar;C:\Users\ameyj\.m2\repository\org\springframework\boot\spring-boot-starter-logging\4.0.6\spring-boot-starter-logging-4.0.6.jar;C:\Users\ameyj\.m2\repository\ch\qos\logback\logback-classic\1.5.32\logback-classic-1.5.32.jar;C:\Users\ameyj\.m2\repository\ch\qos\logback\logback-core\1.5.32\logback-core-1.5.32.jar;C:\Users\ameyj\.m2\repository\org\apache\logging\log4j\log4j-to-slf4j\2.25.4\log4j-to-slf4j-2.25.4.jar;C:\Users\ameyj\.m2\repository\org\apache\logging\log4j\log4j-api\2.25.4\log4j-api-2.25.4.jar;C:\Users\ameyj\.m2\repository\org\slf4j\jul-to-slf4j\2.0.17\jul-to-slf4j-2.0.17.jar;C:\Users\ameyj\.m2\repository\org\springframework\boot\spring-boot-autoconfigure\4.0.6\spring-boot-autoconfigure-4.0.6.jar;C:\Users\ameyj\.m2\repository\jakarta\annotation\jakarta.annotation-api\3.0.0\jakarta.annotation-api-3.0.0.jar;C:\Users\ameyj\.m2\repository\org\yaml\snakeyaml\2.5\snakeyaml-2.5.jar;C:\Users\ameyj\.m2\repository\org\springframework\boot\spring-boot-starter-jackson\4.0.6\spring-boot-starter-jackson-4.0.6.jar;C:\Users\ameyj\.m2\repository\org\springframework\boot\spring-boot-jackson\4.0.6\spring-boot-jackson-4.0.6.jar;C:\Users\ameyj\.m2\repository\tools\jackson\core\jackson-databind\3.1.2\jackson-databind-3.1.2.jar;C:\Users\ameyj\.m2\repository\com\fasterxml\jackson\core\jackson-annotations\2.21\jackson-annotations-2.21.jar;C:\Users\ameyj\.m2\repository\tools\jackson\core\jackson-core\3.1.2\jackson-core-3.1.2.jar;C:\Users\ameyj\.m2\repository\org\springframework\boot\spring-boot-starter-tomcat\4.0.6\spring-boot-starter-tomcat-4.0.6.jar;C:\Users\ameyj\.m2\repository\org\springframework\boot\spring-boot-starter-tomcat-runtime\4.0.6\spring-boot-starter-tomcat-runtime-4.0.6.jar;C:\Users\ameyj\.m2\repository\org\apache\tomcat\embed\tomcat-embed-core\11.0.21\tomcat-embed-core-11.0.21.jar;C:\Users\ameyj\.m2\repository\org\apache\tomcat\embed\tomcat-embed-el\11.0.21\tomcat-embed-el-11.0.21.jar;C:\Users\ameyj\.m2\repository\org\apache\tomcat\embed\tomcat-embed-websocket\11.0.21\tomcat-embed-websocket-11.0.21.jar;C:\Users\ameyj\.m2\repository\org\springframework\boot\spring-boot-tomcat\4.0.6\spring-boot-tomcat-4.0.6.jar;C:\Users\ameyj\.m2\repository\org\springframework\boot\spring-boot-http-converter\4.0.6\spring-boot-http-converter-4.0.6.jar;C:\Users\ameyj\.m2\repository\org\springframework\boot\spring-boot\4.0.6\spring-boot-4.0.6.jar;C:\Users\ameyj\.m2\repository\org\springframework\spring-context\7.0.7\spring-context-7.0.7.jar;C:\Users\ameyj\.m2\repository\org\springframework\spring-web\7.0.7\spring-web-7.0.7.jar;C:\Users\ameyj\.m2\repository\org\springframework\spring-beans\7.0.7\spring-beans-7.0.7.jar;C:\Users\ameyj\.m2\repository\io\micrometer\micrometer-observation\1.16.5\micrometer-observation-1.16.5.jar;C:\Users\ameyj\.m2\repository\io\micrometer\micrometer-commons\1.16.5\micrometer-commons-1.16.5.jar;C:\Users\ameyj\.m2\repository\org\springframework\boot\spring-boot-webmvc\4.0.6\spring-boot-webmvc-4.0.6.jar;C:\Users\ameyj\.m2\repository\org\springframework\boot\spring-boot-servlet\4.0.6\spring-boot-servlet-4.0.6.jar;C:\Users\ameyj\.m2\repository\org\springframework\spring-webmvc\7.0.7\spring-webmvc-7.0.7.jar;C:\Users\ameyj\.m2\repository\org\springframework\spring-aop\7.0.7\spring-aop-7.0.7.jar;C:\Users\ameyj\.m2\repository\org\springframework\spring-expression\7.0.7\spring-expression-7.0.7.jar;C:\Users\ameyj\.m2\repository\org\projectlombok\lombok\1.18.46\lombok-1.18.46.jar;C:\Users\ameyj\.m2\repository\org\slf4j\slf4j-api\2.0.17\slf4j-api-2.0.17.jar;C:\Users\ameyj\.m2\repository\org\springframework\spring-core\7.0.7\spring-core-7.0.7.jar;C:\Users\ameyj\.m2\repository\commons-logging\commons-logging\1.3.6\commons-logging-1.3.6.jar;C:\Users\ameyj\.m2\repository\org\jspecify\jspecify\1.0.0\jspecify-1.0.0.jar;C:\Users\ameyj\.m2\repository\org\springframework\boot\spring-boot-web-server\4.0.6\spring-boot-web-server-4.0.6.jar
Launcher Type: SUN_STANDARD

[Global flags]
     intx CICompilerCount                          = 4                                         {product} {ergonomic}
     uint ConcGCThreads                            = 2                                         {product} {ergonomic}
     uint G1ConcRefinementThreads                  = 8                                         {product} {ergonomic}
   size_t G1HeapRegionSize                         = 1048576                                   {product} {ergonomic}
   size_t InitialHeapSize                          = 132120576                                 {product} {ergonomic}
   size_t MarkStackSize                            = 4194304                                   {product} {ergonomic}
   size_t MaxHeapSize                              = 2082471936                                {product} {ergonomic}
   size_t MaxNewSize                               = 1248854016                                {product} {ergonomic}
   size_t MinHeapDeltaBytes                        = 1048576                                   {product} {ergonomic}
   size_t MinHeapSize                              = 8388608                                   {product} {ergonomic}
    uintx NonNMethodCodeHeapSize                   = 5839372                                {pd product} {ergonomic}
    uintx NonProfiledCodeHeapSize                  = 122909434                              {pd product} {ergonomic}
    uintx ProfiledCodeHeapSize                     = 122909434                              {pd product} {ergonomic}
    uintx ReservedCodeCacheSize                    = 251658240                              {pd product} {ergonomic}
     bool SegmentedCodeCache                       = true                                      {product} {ergonomic}
   size_t SoftMaxHeapSize                          = 2082471936                             {manageable} {ergonomic}
     bool UseCompressedOops                        = true                           {product lp64_product} {ergonomic}
     bool UseG1GC                                  = true                                      {product} {ergonomic}
     bool UseLargePagesIndividualAllocation        = false                                  {pd product} {ergonomic}

Logging:
Log output configuration:
 #0: stdout all=warning uptime,level,tags foldmultilines=false
 #1: stderr all=off uptime,level,tags foldmultilines=false

Environment Variables:
CLASSPATH=C:\mysql-connector-java-8.0.30.jar;,;
PATH=C:\Program Files\Common Files\Oracle\Java\javapath;C:\Users\ameyj\AppData\Local\Programs\Python\Python312\;C:\Program Files\Java\jdk1.8.0_202\bin;C:\Program Files (x86)\Common Files\Oracle\Java\javapath;C:\ProgramData\Oracle\Java\javapath;C:\MinGW\bin;C:\windows\system32;C:\windows;C:\windows\System32\Wbem;C:\windows\System32\WindowsPowerShell\v1.0\;C:\windows\System32\OpenSSH\;C:\Program Files (x86)\NVIDIA Corporation\PhysX\Common;C:\Program Files\NVIDIA Corporation\NVIDIA NvDLISR;C:\Program Files (x86)\dotnet\;C:\WINDOWS\system32;C:\WINDOWS;C:\WINDOWS\System32\Wbem;C:\WINDOWS\System32\WindowsPowerShell\v1.0\;C:\WINDOWS\System32\OpenSSH\;C:\Program Files\dotnet\;C:\Users\ameyj\AppData\Local\Android\Sdk\platforms;C:\Users\ameyj\AppData\Local\Android\Sdk\platform-tools;C:\Dart\dart-sdk\bin;C:\Program Files\Git\cmd;C:\Program Files (x86)\Microsoft SQL Server\160\Tools\Binn\;C:\Program Files\Microsoft SQL Server\160\Tools\Binn\;C:\Program Files\Microsoft SQL Server\Client SDK\ODBC\170\Tools\Binn\;C:\Program Files\Microsoft SQL Server\160\DTS\Binn\;C:\Program Files\Azure Data Studio\bin;C:\Program Files\MATLAB\R2023b\bin;C:\Program Files\HP\HP One Agent;C:\WINDOWS\system32;C:\WINDOWS;C:\WINDOWS\System32\Wbem;C:\WINDOWS\System32\WindowsPowerShell\v1.0\;C:\WINDOWS\System32\OpenSSH\;C:\Program Files\nodejs\;C:\Program Files\MySQL\MySQL Server 8.0\bin;C:\apache-maven-3.9.11\bin;C:\Program Files\WireGuard\;C:\Program Files\Go\bin;C:\Program Files\MySQL\MySQL Shell 8.0\bin\;C:\Users\ameyj\AppData\Local\Programs\Python\Python312\python.exe;C:\Users\ameyj\AppData\Local\Programs\Python\Python312\Scripts\;C:\Users\ameyj\AppData\Local\Programs\Python\Python312\;C:\Users\ameyj\AppData\Local\pnpm;C:\Users\ameyj\AppData\Local\Microsoft\WindowsApps;C:\Users\ameyj\AppData\Local\Programs\Microsoft VS Code\bin;C:\Program Files\JetBrains\PyCharm Community Edition 2022.2.1\bin;;C:\Flutter\flutter_windows_3.3.9-stable\flutter\bin;C:\Program Files\Java\jdk1.8.0_202;C:\flutter\bin;D:\MikTex\miktex\bin\x64\;C:\Users\ameyj\AppData\Local\Programs\mongosh\;C:\Program Files\Azure Data Studio\bin;D:\Academic\B.Tech\Intelij\IntelliJ IDEA Community Edition 2024.1.5\bin;;c:\users\ameyj\appdata\roaming\python\python312\scripts;c:\users\ameyj\.local\bin;C:\Users\ameyj\AppData\Roaming\npm;C:\Mongosh\;C:\Users\ameyj\go\bin;C:\Program Files\PostgreSQL\18\bin;
USERNAME=ameyj
OS=Windows_NT
PROCESSOR_IDENTIFIER=Intel64 Family 6 Model 140 Stepping 1, GenuineIntel
TMP=C:\Users\ameyj\AppData\Local\Temp
TEMP=C:\Users\ameyj\AppData\Local\Temp




Periodic native trim disabled

---------------  S Y S T E M  ---------------

OS:
 Windows 11 , 64 bit Build 26100 (10.0.26100.7019)
OS uptime: 0 days 18:02 hours
Hyper-V role detected

CPU: total 8 (initial active 8) (4 cores per cpu, 2 threads per core) family 6 model 140 stepping 1 microcode 0xa4, cx8, cmov, fxsr, ht, mmx, 3dnowpref, sse, sse2, sse3, ssse3, sse4.1, sse4.2, popcnt, lzcnt, tsc, tscinvbit, avx, avx2, aes, erms, clmul, bmi1, bmi2, adx, avx512f, avx512dq, avx512cd, avx512bw, avx512vl, sha, fma, vzeroupper, avx512_vpopcntdq, avx512_vpclmulqdq, avx512_vaes, avx512_vnni, clflush, clflushopt, clwb, avx512_vbmi2, avx512_vbmi, hv, rdtscp, rdpid, fsrm, gfni, avx512_bitalg, f16c, cet_ibt, cet_ss, avx512_ifma
Processor Information for all 8 processors :
  Max Mhz: 3110, Current Mhz: 3110, Mhz Limit: 3110

Memory: 4k page, system-wide physical 7937M (867M free)
TotalPageFile size 15167M (AvailPageFile size 20M)
current process WorkingSet (physical memory assigned to process): 66M, peak: 66M
current process commit charge ("private bytes"): 219M, peak: 219M

vm_info: Java HotSpot(TM) 64-Bit Server VM (22.0.2+9-70) for windows-amd64 JRE (22.0.2+9-70), built on 2024-06-04T16:52:23Z by "mach5one" with MS VC++ 17.6 (VS2022)

END.
